2026-09-25T22:36:42Z INF Thank you for trying Cloudflare Tunnel. Doing so, without a Cloudflare account, is a quick way to experiment and try it out. However, be aware that these account-less Tunnels have no uptime guarantee, are subject to the Cloudflare Online Services Terms of Use (https://www.cloudflare.com/website-terms/), and Cloudflare reserves the right to investigate your use of Tunnels for violations of such terms. If you intend to use Tunnels in production you should use a pre-created named tunnel by following: https://developers.cloudflare.com/cloudflare-one/connections/connect-apps
2026-09-25T22:36:42Z INF Requesting new quick Tunnel on trycloudflare.com...
2026-09-25T22:36:47Z INF +--------------------------------------------------------------------------------------------+
2026-09-25T22:36:47Z INF |  Your quick Tunnel has been created! Visit it at (it may take some time to be reachable):  |
2026-09-25T22:36:47Z INF |  https://individuals-rolled-tears-burlington.trycloudflare.com                             |
2026-09-25T22:36:47Z INF +--------------------------------------------------------------------------------------------+
2026-09-25T22:36:47Z INF Version 2026.9.1 (Checksum 2837888cc0f5d58f15b6dc478376de90b4d3ba5241c7947455d1e0a0df429712)
2026-09-25T22:36:47Z INF GOOS: windows, GOVersion: go1.26.8, GoArch: amd64
2026-09-25T22:36:47Z INF Settings: map[cred-file:C:/Users/evert/.cloudflared/3386ae1d-af71-4650-90d6-ae4ff154d919.json credentials-file:C:/Users/evert/.cloudflared/3386ae1d-af71-4650-90d6-ae4ff154d919.json ha-connections:1 protocol:quic url:http://localhost:4200]
2026-09-25T22:36:47Z INF cloudflared will not automatically update on Windows systems.
2026-09-25T22:36:47Z INF Generated Connector ID: 41ca080f-bd5d-4df1-9741-7a31f47b65d1
2026-09-25T22:36:47Z INF Initial protocol quic
2026-09-25T22:36:47Z INF ICMP proxy will use 192.168.0.125 as source for IPv4
2026-09-25T22:36:47Z INF ICMP proxy will use fe80::6177:367c:18e:a44e in zone Tailscale as source for IPv6
2026-09-25T22:36:48Z INF cloudflared does not support loading the system root certificate pool on Windows. Please use --origin-ca-pool <PATH> to specify the path to the certificate pool
2026-09-25T22:36:48Z INF ICMP proxy will use 192.168.0.125 as source for IPv4
2026-09-25T22:36:48Z INF Tunnel connection curve preferences: [X25519MLKEM768 CurveID(65074) CurveP256] connIndex=0 event=0 ip=198.41.192.37
2026-09-25T22:36:48Z INF ICMP proxy will use fe80::6177:367c:18e:a44e in zone Tailscale as source for IPv6
2026-09-25T22:36:48Z INF Starting metrics server on 127.0.0.1:20242/metrics
2026-09-25T22:36:48Z INF +-------------------------------------------------------------------------------------+
2026-09-25T22:36:48Z INF |                               CONNECTIVITY PRE-CHECKS                               |
2026-09-25T22:36:48Z INF +-------------------------------------------------------------------------------------+
2026-09-25T22:36:48Z INF |  COMPONENT         TARGET                     STATUS  DETAILS                       |
2026-09-25T22:36:48Z INF |  DNS Resolution    region1.v2.argotunnel.com  PASS    DNS Resolved successfully     |
2026-09-25T22:36:48Z INF |  DNS Resolution    region2.v2.argotunnel.com  PASS    DNS Resolved successfully     |
2026-09-25T22:36:48Z INF |  UDP Connectivity  region1.v2.argotunnel.com  PASS    QUIC connection successful    |
2026-09-25T22:36:48Z INF |  UDP Connectivity  region2.v2.argotunnel.com  PASS    QUIC connection successful    |
2026-09-25T22:36:48Z INF |  TCP Connectivity  region1.v2.argotunnel.com  PASS    HTTP/2 connection successful  |
2026-09-25T22:36:48Z INF |  TCP Connectivity  region2.v2.argotunnel.com  PASS    HTTP/2 connection successful  |
2026-09-25T22:36:48Z INF |  Cloudflare API    api.cloudflare.com:443     PASS    API is reachable              |
2026-09-25T22:36:48Z INF |                                                                                     |
2026-09-25T22:36:48Z INF |  SUMMARY: Environment is healthy. cloudflared will use 'quic' as primary protocol.  |
2026-09-25T22:36:48Z INF +-------------------------------------------------------------------------------------+
2026-09-25T22:36:48Z INF precheck component="DNS Resolution" details="DNS Resolved successfully" run_id=652a2e56-3da5-4179-8069-6c31187c201b status=pass target=region1.v2.argotunnel.com
2026-09-25T22:36:48Z INF precheck component="DNS Resolution" details="DNS Resolved successfully" run_id=652a2e56-3da5-4179-8069-6c31187c201b status=pass target=region2.v2.argotunnel.com
2026-09-25T22:36:48Z INF precheck component="UDP Connectivity" details="QUIC connection successful" run_id=652a2e56-3da5-4179-8069-6c31187c201b status=pass target=region1.v2.argotunnel.com
2026-09-25T22:36:48Z INF precheck component="UDP Connectivity" details="QUIC connection successful" run_id=652a2e56-3da5-4179-8069-6c31187c201b status=pass target=region2.v2.argotunnel.com
2026-09-25T22:36:48Z INF precheck component="TCP Connectivity" details="HTTP/2 connection successful" run_id=652a2e56-3da5-4179-8069-6c31187c201b status=pass target=region1.v2.argotunnel.com
2026-09-25T22:36:48Z INF precheck component="TCP Connectivity" details="HTTP/2 connection successful" run_id=652a2e56-3da5-4179-8069-6c31187c201b status=pass target=region2.v2.argotunnel.com
2026-09-25T22:36:48Z INF precheck component="Cloudflare API" details="API is reachable" run_id=652a2e56-3da5-4179-8069-6c31187c201b status=pass target=api.cloudflare.com:443
2026-09-25T22:36:48Z INF precheck complete hard_fail=false run_id=652a2e56-3da5-4179-8069-6c31187c201b suggested_protocol=quic
2026-09-25T22:36:48Z INF Registered tunnel connection connIndex=0 connection=05432d46-4d5b-4791-80f0-d4164ddffa2f event=0 ip=198.41.192.37 location=gig11 protocol=quic
